// Jest Snapshot v1, https://goo.gl/fbAQLP

exports[`Greeting should match snapshot 1`] = `
<Text
  style={
    Object {
      "color": "#2A2A2A",
      "fontSize": 16,
      "marginHorizontal": 12,
      "marginVertical": 8,
      "textAlign": "right",
    }
  }
>
  Hello, Dave
</Text>
`;
